[0m04:18:53.735912 [debug] [MainThread]: Sending event: {'category': 'dbt', 'action': 'invocation', 'label': 'start', 'context': [<snowplow_tracker.self_describing_json.SelfDescribingJson object at 0x7d12bdb2ffd0>, <snowplow_tracker.self_describing_json.SelfDescribingJson object at 0x7d12bbaff340>, <snowplow_tracker.self_describing_json.SelfDescribingJson object at 0x7d12bbaff3d0>]}


============================== 04:18:53.745362 | bb113063-c40c-4afc-aef2-65207f6514f7 ==============================
[0m04:18:53.745362 [info ] [MainThread]: Running with dbt=1.6.1
[0m04:18:53.746031 [debug] [MainThread]: running dbt with arguments {'target_path': 'None', 'log_cache_events': 'False', 'log_path': 'logs', 'quiet': 'False', 'fail_fast': 'False', 'partial_parse': 'True', 'use_experimental_parser': 'False', 'static_parser': 'True', 'warn_error_options': 'WarnErrorOptions(include=[], exclude=[])', 'version_check': 'True', 'write_json': 'True', 'invocation_command': 'dbt init', 'printer_width': '80', 'use_colors': 'True', 'warn_error': 'None', 'cache_selected_only': 'False', 'introspect': 'True', 'indirect_selection': 'eager', 'log_format': 'default', 'send_anonymous_usage_stats': 'True', 'profiles_dir': '/home/vscode/.dbt', 'no_print': 'None', 'debug': 'False'}
[0m04:18:53.746539 [warn ] [MainThread]: [ConfigFolderDirectory]: Unable to parse dict {'dir': PosixPath('/home/vscode/.dbt')}
[0m04:18:53.747022 [info ] [MainThread]: Creating dbt configuration folder at 
[0m04:19:04.521304 [debug] [MainThread]: Starter project path: /home/vscode/.local/lib/python3.10/site-packages/dbt/include/starter_project
[0m04:19:04.527544 [info ] [MainThread]: 
Your new dbt project "nyc_parking_voilations_ak" was created!

For more information on how to configure the profiles.yml file,
please consult the dbt documentation here:

  https://docs.getdbt.com/docs/configure-your-profile

One more thing:

Need help? Don't hesitate to reach out to us via GitHub issues or on Slack:

  https://community.getdbt.com/

Happy modeling!

[0m04:19:04.528497 [info ] [MainThread]: Setting up your profile.
[0m04:19:09.557946 [info ] [MainThread]: No sample profile found for duckdb.
[0m04:19:09.558819 [debug] [MainThread]: Command `dbt init` succeeded at 04:19:09.558663 after 15.83 seconds
[0m04:19:09.559286 [debug] [MainThread]: Sending event: {'category': 'dbt', 'action': 'invocation', 'label': 'end', 'context': [<snowplow_tracker.self_describing_json.SelfDescribingJson object at 0x7d12bdb2ffd0>, <snowplow_tracker.self_describing_json.SelfDescribingJson object at 0x7d12bb9fb3d0>, <snowplow_tracker.self_describing_json.SelfDescribingJson object at 0x7d12bb9fb4f0>]}
[0m04:19:09.559791 [debug] [MainThread]: Flushing usage events
[0m04:36:32.188864 [debug] [MainThread]: Sending event: {'category': 'dbt', 'action': 'invocation', 'label': 'start', 'context': [<snowplow_tracker.self_describing_json.SelfDescribingJson object at 0x7caf4a1de530>, <snowplow_tracker.self_describing_json.SelfDescribingJson object at 0x7caf4813f1f0>, <snowplow_tracker.self_describing_json.SelfDescribingJson object at 0x7caf4813f2b0>]}


============================== 04:36:32.194312 | 5d496bb3-9cee-4329-ae4d-94113ceb902c ==============================
[0m04:36:32.194312 [info ] [MainThread]: Running with dbt=1.6.1
[0m04:36:32.195013 [debug] [MainThread]: running dbt with arguments {'no_print': 'None', 'write_json': 'True', 'warn_error_options': 'WarnErrorOptions(include=[], exclude=[])', 'warn_error': 'None', 'fail_fast': 'False', 'log_path': 'logs', 'log_format': 'default', 'log_cache_events': 'False', 'version_check': 'True', 'introspect': 'True', 'target_path': 'None', 'partial_parse': 'True', 'profiles_dir': '/home/vscode/.dbt', 'cache_selected_only': 'False', 'static_parser': 'True', 'invocation_command': 'dbt run', 'indirect_selection': 'eager', 'debug': 'False', 'printer_width': '80', 'use_colors': 'True', 'send_anonymous_usage_stats': 'True', 'use_experimental_parser': 'False', 'quiet': 'False'}
[0m04:36:32.195614 [error] [MainThread]: Encountered an error:
Runtime Error
  No dbt_project.yml found at expected path /workspaces/data-engineering-with-data-build-tool-dbt-4458303/dbt_project.yml
  Verify that each entry within packages.yml (and their transitive dependencies) contains a file named dbt_project.yml
  
[0m04:36:32.196262 [debug] [MainThread]: Command `dbt run` failed at 04:36:32.196143 after 0.01 seconds
[0m04:36:32.196698 [debug] [MainThread]: Sending event: {'category': 'dbt', 'action': 'invocation', 'label': 'end', 'context': [<snowplow_tracker.self_describing_json.SelfDescribingJson object at 0x7caf4a1de530>, <snowplow_tracker.self_describing_json.SelfDescribingJson object at 0x7caf480173a0>, <snowplow_tracker.self_describing_json.SelfDescribingJson object at 0x7caf48017430>]}
[0m04:36:32.197147 [debug] [MainThread]: Flushing usage events
[0m05:36:17.726917 [debug] [MainThread]: Sending event: {'category': 'dbt', 'action': 'invocation', 'label': 'start', 'context': [<snowplow_tracker.self_describing_json.SelfDescribingJson object at 0x7a755bd02530>, <snowplow_tracker.self_describing_json.SelfDescribingJson object at 0x7a7559c471f0>, <snowplow_tracker.self_describing_json.SelfDescribingJson object at 0x7a7559c472b0>]}


============================== 05:36:17.961206 | ff0027a3-c734-4c19-8a65-50aae847999d ==============================
[0m05:36:17.961206 [info ] [MainThread]: Running with dbt=1.6.1
[0m05:36:17.962553 [debug] [MainThread]: running dbt with arguments {'write_json': 'True', 'debug': 'False', 'use_experimental_parser': 'False', 'log_path': 'logs', 'indirect_selection': 'eager', 'log_format': 'default', 'no_print': 'None', 'introspect': 'True', 'fail_fast': 'False', 'send_anonymous_usage_stats': 'True', 'cache_selected_only': 'False', 'invocation_command': 'dbt run', 'partial_parse': 'True', 'profiles_dir': '/home/vscode/.dbt', 'use_colors': 'True', 'log_cache_events': 'False', 'warn_error': 'None', 'static_parser': 'True', 'version_check': 'True', 'warn_error_options': 'WarnErrorOptions(include=[], exclude=[])', 'printer_width': '80', 'quiet': 'False', 'target_path': 'None'}
[0m05:36:17.963172 [error] [MainThread]: Encountered an error:
Runtime Error
  No dbt_project.yml found at expected path /workspaces/data-engineering-with-data-build-tool-dbt-4458303/dbt_project.yml
  Verify that each entry within packages.yml (and their transitive dependencies) contains a file named dbt_project.yml
  
[0m05:36:17.963899 [debug] [MainThread]: Command `dbt run` failed at 05:36:17.963758 after 0.24 seconds
[0m05:36:17.964364 [debug] [MainThread]: Sending event: {'category': 'dbt', 'action': 'invocation', 'label': 'end', 'context': [<snowplow_tracker.self_describing_json.SelfDescribingJson object at 0x7a755bd02530>, <snowplow_tracker.self_describing_json.SelfDescribingJson object at 0x7a7559b573a0>, <snowplow_tracker.self_describing_json.SelfDescribingJson object at 0x7a7559b57430>]}
[0m05:36:17.964872 [debug] [MainThread]: Flushing usage events
[0m14:45:48.411928 [debug] [MainThread]: Sending event: {'category': 'dbt', 'action': 'invocation', 'label': 'start', 'context': [<snowplow_tracker.self_describing_json.SelfDescribingJson object at 0x756c1da92530>, <snowplow_tracker.self_describing_json.SelfDescribingJson object at 0x756c1b2e79a0>, <snowplow_tracker.self_describing_json.SelfDescribingJson object at 0x756c1b2e7a30>]}


============================== 14:45:48.423987 | 2795f9db-c42b-4bf1-8128-63560b6058c7 ==============================
[0m14:45:48.423987 [info ] [MainThread]: Running with dbt=1.6.1
[0m14:45:48.424986 [debug] [MainThread]: running dbt with arguments {'printer_width': '80', 'log_format': 'default', 'log_path': 'logs', 'profiles_dir': '/home/vscode/.dbt', 'use_colors': 'True', 'no_print': 'None', 'log_cache_events': 'False', 'fail_fast': 'False', 'quiet': 'False', 'send_anonymous_usage_stats': 'True', 'static_parser': 'True', 'partial_parse': 'True', 'version_check': 'True', 'cache_selected_only': 'False', 'warn_error_options': 'WarnErrorOptions(include=[], exclude=[])', 'debug': 'False', 'target_path': 'None', 'invocation_command': 'dbt init', 'write_json': 'True', 'use_experimental_parser': 'False', 'indirect_selection': 'eager', 'warn_error': 'None', 'introspect': 'True'}
[0m14:45:48.425888 [warn ] [MainThread]: [ConfigFolderDirectory]: Unable to parse dict {'dir': PosixPath('/home/vscode/.dbt')}
[0m14:45:48.426621 [info ] [MainThread]: Creating dbt configuration folder at 
[0m14:45:59.379905 [debug] [MainThread]: Starter project path: /workspaces/data-engineering-with-data-build-tool-dbt-4458303/.venv/lib/python3.10/site-packages/dbt/include/starter_project
[0m14:45:59.387025 [info ] [MainThread]: 
Your new dbt project "nyc_parking_violations_ak" was created!

For more information on how to configure the profiles.yml file,
please consult the dbt documentation here:

  https://docs.getdbt.com/docs/configure-your-profile

One more thing:

Need help? Don't hesitate to reach out to us via GitHub issues or on Slack:

  https://community.getdbt.com/

Happy modeling!

[0m14:45:59.387787 [info ] [MainThread]: Setting up your profile.
[0m14:46:02.665170 [info ] [MainThread]: No sample profile found for duckdb.
[0m14:46:02.666039 [debug] [MainThread]: Command `dbt init` succeeded at 14:46:02.665869 after 14.26 seconds
[0m14:46:02.666562 [debug] [MainThread]: Sending event: {'category': 'dbt', 'action': 'invocation', 'label': 'end', 'context': [<snowplow_tracker.self_describing_json.SelfDescribingJson object at 0x756c1da92530>, <snowplow_tracker.self_describing_json.SelfDescribingJson object at 0x756c1b367070>, <snowplow_tracker.self_describing_json.SelfDescribingJson object at 0x756c1b3670a0>]}
[0m14:46:02.667076 [debug] [MainThread]: Flushing usage events
[0m15:14:05.217584 [debug] [MainThread]: Sending event: {'category': 'dbt', 'action': 'invocation', 'label': 'start', 'context': [<snowplow_tracker.self_describing_json.SelfDescribingJson object at 0x7cf74ecfe530>, <snowplow_tracker.self_describing_json.SelfDescribingJson object at 0x7cf74c4e7970>, <snowplow_tracker.self_describing_json.SelfDescribingJson object at 0x7cf74c4e7910>]}


============================== 15:14:05.227138 | f87ff642-2892-454d-a62e-4248ea047a33 ==============================
[0m15:14:05.227138 [info ] [MainThread]: Running with dbt=1.6.1
[0m15:14:05.228044 [debug] [MainThread]: running dbt with arguments {'use_experimental_parser': 'False', 'version_check': 'True', 'log_cache_events': 'False', 'target_path': 'None', 'fail_fast': 'False', 'no_print': 'None', 'log_format': 'default', 'static_parser': 'True', 'profiles_dir': '/home/vscode/.dbt', 'use_colors': 'True', 'quiet': 'False', 'log_path': 'logs', 'partial_parse': 'True', 'send_anonymous_usage_stats': 'True', 'invocation_command': 'dbt debug', 'warn_error': 'None', 'introspect': 'True', 'indirect_selection': 'eager', 'debug': 'False', 'warn_error_options': 'WarnErrorOptions(include=[], exclude=[])', 'cache_selected_only': 'False', 'printer_width': '80', 'write_json': 'True'}
[0m15:14:05.229328 [info ] [MainThread]: dbt version: 1.6.1
[0m15:14:05.230181 [info ] [MainThread]: python version: 3.10.12
[0m15:14:05.231046 [info ] [MainThread]: python path: /workspaces/data-engineering-with-data-build-tool-dbt-4458303/.venv/bin/python
[0m15:14:05.231853 [info ] [MainThread]: os info: Linux-6.8.0-1044-azure-x86_64-with-glibc2.31
[0m15:14:05.232769 [info ] [MainThread]: Using profiles dir at /home/vscode/.dbt
[0m15:14:05.233788 [info ] [MainThread]: Using profiles.yml file at /home/vscode/.dbt/profiles.yml
[0m15:14:05.235356 [info ] [MainThread]: Using dbt_project.yml file at /workspaces/data-engineering-with-data-build-tool-dbt-4458303/dbt_project.yml
[0m15:14:05.236339 [info ] [MainThread]: Configuration:
[0m15:14:05.237082 [info ] [MainThread]:   profiles.yml file [[31mERROR not found[0m]
[0m15:14:05.237948 [info ] [MainThread]:   dbt_project.yml file [[31mERROR not found[0m]
[0m15:14:05.238935 [info ] [MainThread]: Required dependencies:
[0m15:14:05.240568 [debug] [MainThread]: Executing "git --help"
[0m15:14:05.244002 [debug] [MainThread]: STDOUT: "b"usage: git [-v | --version] [-h | --help] [-C <path>] [-c <name>=<value>]\n           [--exec-path[=<path>]] [--html-path] [--man-path] [--info-path]\n           [-p | --paginate | -P | --no-pager] [--no-replace-objects] [--bare]\n           [--git-dir=<path>] [--work-tree=<path>] [--namespace=<name>]\n           [--config-env=<name>=<envvar>] <command> [<args>]\n\nThese are common Git commands used in various situations:\n\nstart a working area (see also: git help tutorial)\n   clone     Clone a repository into a new directory\n   init      Create an empty Git repository or reinitialize an existing one\n\nwork on the current change (see also: git help everyday)\n   add       Add file contents to the index\n   mv        Move or rename a file, a directory, or a symlink\n   restore   Restore working tree files\n   rm        Remove files from the working tree and from the index\n\nexamine the history and state (see also: git help revisions)\n   bisect    Use binary search to find the commit that introduced a bug\n   diff      Show changes between commits, commit and working tree, etc\n   grep      Print lines matching a pattern\n   log       Show commit logs\n   show      Show various types of objects\n   status    Show the working tree status\n\ngrow, mark and tweak your common history\n   branch    List, create, or delete branches\n   commit    Record changes to the repository\n   merge     Join two or more development histories together\n   rebase    Reapply commits on top of another base tip\n   reset     Reset current HEAD to the specified state\n   switch    Switch branches\n   tag       Create, list, delete or verify a tag object signed with GPG\n\ncollaborate (see also: git help workflows)\n   fetch     Download objects and refs from another repository\n   pull      Fetch from and integrate with another repository or a local branch\n   push      Update remote refs along with associated objects\n\n'git help -a' and 'git help -g' list available subcommands and some\nconcept guides. See 'git help <command>' or 'git help <concept>'\nto read about a specific subcommand or concept.\nSee 'git help git' for an overview of the system.\n""
[0m15:14:05.244971 [debug] [MainThread]: STDERR: "b''"
[0m15:14:05.245857 [info ] [MainThread]:  - git [[32mOK found[0m]

[0m15:14:05.246842 [info ] [MainThread]: Connection test skipped since no profile was found
[0m15:14:05.247762 [info ] [MainThread]: [31m2 checks failed:[0m
[0m15:14:05.248585 [info ] [MainThread]: dbt looked for a profiles.yml file in /home/vscode/.dbt/profiles.yml, but did
not find one. For more information on configuring your profile, consult the
documentation:

https://docs.getdbt.com/docs/configure-your-profile


[0m15:14:05.249428 [info ] [MainThread]: Project loading failed for the following reason:
 project path </workspaces/data-engineering-with-data-build-tool-dbt-4458303/dbt_project.yml> not found

[0m15:14:05.250668 [debug] [MainThread]: Command `dbt debug` failed at 15:14:05.250522 after 0.04 seconds
[0m15:14:05.251404 [debug] [MainThread]: Sending event: {'category': 'dbt', 'action': 'invocation', 'label': 'end', 'context': [<snowplow_tracker.self_describing_json.SelfDescribingJson object at 0x7cf74ecfe530>, <snowplow_tracker.self_describing_json.SelfDescribingJson object at 0x7cf74c5630a0>, <snowplow_tracker.self_describing_json.SelfDescribingJson object at 0x7cf74c563010>]}
[0m15:14:05.252141 [debug] [MainThread]: Flushing usage events
